Archive member included to satisfy reference by file (symbol)

e:/tool/arm-none-eabi-gcc/path/bin/../lib/gcc/arm-none-eabi/5.4.1/../../../../arm-none-eabi/lib/armv7-m\libc_nano.a(lib_a-errno.o)
                              build/sysmem.o (__errno)
e:/tool/arm-none-eabi-gcc/path/bin/../lib/gcc/arm-none-eabi/5.4.1/../../../../arm-none-eabi/lib/armv7-m\libc_nano.a(lib_a-exit.o)
                              e:/tool/arm-none-eabi-gcc/path/bin/../lib/gcc/arm-none-eabi/5.4.1/../../../../arm-none-eabi/lib/armv7-m/crt0.o (exit)
e:/tool/arm-none-eabi-gcc/path/bin/../lib/gcc/arm-none-eabi/5.4.1/../../../../arm-none-eabi/lib/armv7-m\libc_nano.a(lib_a-impure.o)
                              e:/tool/arm-none-eabi-gcc/path/bin/../lib/gcc/arm-none-eabi/5.4.1/../../../../arm-none-eabi/lib/armv7-m\libc_nano.a(lib_a-exit.o) (_global_impure_ptr)
e:/tool/arm-none-eabi-gcc/path/bin/../lib/gcc/arm-none-eabi/5.4.1/../../../../arm-none-eabi/lib/armv7-m\libc_nano.a(lib_a-init.o)
                              e:/tool/arm-none-eabi-gcc/path/bin/../lib/gcc/arm-none-eabi/5.4.1/../../../../arm-none-eabi/lib/armv7-m/crt0.o (__libc_init_array)
e:/tool/arm-none-eabi-gcc/path/bin/../lib/gcc/arm-none-eabi/5.4.1/../../../../arm-none-eabi/lib/armv7-m\libc_nano.a(lib_a-memset.o)
                              e:/tool/arm-none-eabi-gcc/path/bin/../lib/gcc/arm-none-eabi/5.4.1/../../../../arm-none-eabi/lib/armv7-m/crt0.o (memset)

Allocating common symbols
Common symbol       size              file

uwTick              0x4               build/stm32f1xx_hal.o
pFlash              0x20              build/stm32f1xx_hal_flash.o

Discarded input sections

 .text          0x00000000        0x0 e:/tool/arm-none-eabi-gcc/path/bin/../lib/gcc/arm-none-eabi/5.4.1/armv7-m/crti.o
 .data          0x00000000        0x0 e:/tool/arm-none-eabi-gcc/path/bin/../lib/gcc/arm-none-eabi/5.4.1/armv7-m/crti.o
 .bss           0x00000000        0x0 e:/tool/arm-none-eabi-gcc/path/bin/../lib/gcc/arm-none-eabi/5.4.1/armv7-m/crti.o
 .data          0x00000000        0x4 e:/tool/arm-none-eabi-gcc/path/bin/../lib/gcc/arm-none-eabi/5.4.1/armv7-m/crtbegin.o
 .text          0x00000000       0x74 e:/tool/arm-none-eabi-gcc/path/bin/../lib/gcc/arm-none-eabi/5.4.1/../../../../arm-none-eabi/lib/armv7-m/crt0.o
 .data          0x00000000        0x0 e:/tool/arm-none-eabi-gcc/path/bin/../lib/gcc/arm-none-eabi/5.4.1/../../../../arm-none-eabi/lib/armv7-m/crt0.o
 .bss           0x00000000        0x0 e:/tool/arm-none-eabi-gcc/path/bin/../lib/gcc/arm-none-eabi/5.4.1/../../../../arm-none-eabi/lib/armv7-m/crt0.o
 .ARM.extab     0x00000000        0x0 e:/tool/arm-none-eabi-gcc/path/bin/../lib/gcc/arm-none-eabi/5.4.1/../../../../arm-none-eabi/lib/armv7-m/crt0.o
 .ARM.exidx     0x00000000        0x8 e:/tool/arm-none-eabi-gcc/path/bin/../lib/gcc/arm-none-eabi/5.4.1/../../../../arm-none-eabi/lib/armv7-m/crt0.o
 .ARM.attributes
                0x00000000       0x1b e:/tool/arm-none-eabi-gcc/path/bin/../lib/gcc/arm-none-eabi/5.4.1/../../../../arm-none-eabi/lib/armv7-m/crt0.o
 .text          0x00000000        0x0 build/main.o
 .data          0x00000000        0x0 build/main.o
 .bss           0x00000000        0x0 build/main.o
 .text          0x00000000        0x0 build/stm32f1xx_it.o
 .data          0x00000000        0x0 build/stm32f1xx_it.o
 .bss           0x00000000        0x0 build/stm32f1xx_it.o
 .text          0x00000000        0x0 build/stm32f1xx_hal_msp.o
 .data          0x00000000        0x0 build/stm32f1xx_hal_msp.o
 .bss           0x00000000        0x0 build/stm32f1xx_hal_msp.o
 .text          0x00000000        0x0 build/stm32f1xx_hal_gpio_ex.o
 .data          0x00000000        0x0 build/stm32f1xx_hal_gpio_ex.o
 .bss           0x00000000        0x0 build/stm32f1xx_hal_gpio_ex.o
 .text.HAL_GPIOEx_ConfigEventout
                0x00000000       0x14 build/stm32f1xx_hal_gpio_ex.o
 .text.HAL_GPIOEx_EnableEventout
                0x00000000       0x10 build/stm32f1xx_hal_gpio_ex.o
 .text.HAL_GPIOEx_DisableEventout
                0x00000000       0x10 build/stm32f1xx_hal_gpio_ex.o
 .debug_info    0x00000000      0x198 build/stm32f1xx_hal_gpio_ex.o
 .debug_abbrev  0x00000000       0xdc build/stm32f1xx_hal_gpio_ex.o
 .debug_loc     0x00000000       0x21 build/stm32f1xx_hal_gpio_ex.o
 .debug_aranges
                0x00000000       0x30 build/stm32f1xx_hal_gpio_ex.o
 .debug_ranges  0x00000000       0x20 build/stm32f1xx_hal_gpio_ex.o
 .debug_line    0x00000000      0x182 build/stm32f1xx_hal_gpio_ex.o
 .debug_str     0x00000000      0x247 build/stm32f1xx_hal_gpio_ex.o
 .comment       0x00000000       0x6f build/stm32f1xx_hal_gpio_ex.o
 .debug_frame   0x00000000       0x40 build/stm32f1xx_hal_gpio_ex.o
 .ARM.attributes
                0x00000000       0x33 build/stm32f1xx_hal_gpio_ex.o
 .text          0x00000000        0x0 build/stm32f1xx_hal_tim.o
 .data          0x00000000        0x0 build/stm32f1xx_hal_tim.o
 .bss           0x00000000        0x0 build/stm32f1xx_hal_tim.o
 .debug_info    0x00000000       0x9b build/stm32f1xx_hal_tim.o
 .debug_abbrev  0x00000000       0x4b build/stm32f1xx_hal_tim.o
 .debug_aranges
                0x00000000       0x18 build/stm32f1xx_hal_tim.o
 .debug_line    0x00000000       0xd8 build/stm32f1xx_hal_tim.o
 .debug_str     0x00000000      0x193 build/stm32f1xx_hal_tim.o
 .comment       0x00000000       0x6f build/stm32f1xx_hal_tim.o
 .ARM.attributes
                0x00000000       0x33 build/stm32f1xx_hal_tim.o
 .text          0x00000000        0x0 build/stm32f1xx_hal_tim_ex.o
 .data          0x00000000        0x0 build/stm32f1xx_hal_tim_ex.o
 .bss           0x00000000        0x0 build/stm32f1xx_hal_tim_ex.o
 .debug_info    0x00000000       0x9b build/stm32f1xx_hal_tim_ex.o
 .debug_abbrev  0x00000000       0x4b build/stm32f1xx_hal_tim_ex.o
 .debug_aranges
                0x00000000       0x18 build/stm32f1xx_hal_tim_ex.o
 .debug_line    0x00000000       0xd8 build/stm32f1xx_hal_tim_ex.o
 .debug_str     0x00000000      0x196 build/stm32f1xx_hal_tim_ex.o
 .comment       0x00000000       0x6f build/stm32f1xx_hal_tim_ex.o
 .ARM.attributes
                0x00000000       0x33 build/stm32f1xx_hal_tim_ex.o
 .text          0x00000000        0x0 build/stm32f1xx_hal.o
 .data          0x00000000        0x0 build/stm32f1xx_hal.o
 .bss           0x00000000        0x0 build/stm32f1xx_hal.o
 .text.HAL_MspInit
                0x00000000        0x4 build/stm32f1xx_hal.o
 .text.HAL_MspDeInit
                0x00000000        0x4 build/stm32f1xx_hal.o
 .text.HAL_DeInit
                0x00000000       0x20 build/stm32f1xx_hal.o
 .text.HAL_GetTickPrio
                0x00000000        0xc build/stm32f1xx_hal.o
 .text.HAL_SetTickFreq
                0x00000000       0x2c build/stm32f1xx_hal.o
 .text.HAL_GetTickFreq
                0x00000000        0xc build/stm32f1xx_hal.o
 .text.HAL_Delay
                0x00000000       0x28 build/stm32f1xx_hal.o
 .text.HAL_SuspendTick
                0x00000000       0x10 build/stm32f1xx_hal.o
 .text.HAL_ResumeTick
                0x00000000       0x10 build/stm32f1xx_hal.o
 .text.HAL_GetHalVersion
                0x00000000        0x8 build/stm32f1xx_hal.o
 .text.HAL_GetREVID
                0x00000000        0xc build/stm32f1xx_hal.o
 .text.HAL_GetDEVID
                0x00000000       0x10 build/stm32f1xx_hal.o
 .text.HAL_GetUIDw0
                0x00000000        0xc build/stm32f1xx_hal.o
 .text.HAL_GetUIDw1
                0x00000000        0xc build/stm32f1xx_hal.o
 .text.HAL_GetUIDw2
                0x00000000        0xc build/stm32f1xx_hal.o
 .text.HAL_DBGMCU_EnableDBGSleepMode
                0x00000000       0x10 build/stm32f1xx_hal.o
 .text.HAL_DBGMCU_DisableDBGSleepMode
                0x00000000       0x10 build/stm32f1xx_hal.o
 .text.HAL_DBGMCU_EnableDBGStopMode
                0x00000000       0x10 build/stm32f1xx_hal.o
 .text.HAL_DBGMCU_DisableDBGStopMode
                0x00000000       0x10 build/stm32f1xx_hal.o
 .text.HAL_DBGMCU_EnableDBGStandbyMode
                0x00000000       0x10 build/stm32f1xx_hal.o
 .text.HAL_DBGMCU_DisableDBGStandbyMode
                0x00000000       0x10 build/stm32f1xx_hal.o
 .text          0x00000000        0x0 build/stm32f1xx_hal_rcc.o
 .data          0x00000000        0x0 build/stm32f1xx_hal_rcc.o
 .bss           0x00000000        0x0 build/stm32f1xx_hal_rcc.o
 .text.HAL_RCC_DeInit
                0x00000000       0xfc build/stm32f1xx_hal_rcc.o
 .text.HAL_RCC_MCOConfig
                0x00000000       0x4c build/stm32f1xx_hal_rcc.o
 .text.HAL_RCC_EnableCSS
                0x00000000        0xc build/stm32f1xx_hal_rcc.o
 .text.HAL_RCC_DisableCSS
                0x00000000        0xc build/stm32f1xx_hal_rcc.o
 .text.HAL_RCC_GetHCLKFreq
                0x00000000        0xc build/stm32f1xx_hal_rcc.o
 .text.HAL_RCC_GetPCLK1Freq
                0x00000000       0x20 build/stm32f1xx_hal_rcc.o
 .text.HAL_RCC_GetPCLK2Freq
                0x00000000       0x20 build/stm32f1xx_hal_rcc.o
 .text.HAL_RCC_GetOscConfig
                0x00000000       0xb4 build/stm32f1xx_hal_rcc.o
 .text.HAL_RCC_GetClockConfig
                0x00000000       0x3c build/stm32f1xx_hal_rcc.o
 .text.HAL_RCC_CSSCallback
                0x00000000        0x4 build/stm32f1xx_hal_rcc.o
 .text.HAL_RCC_NMI_IRQHandler
                0x00000000       0x20 build/stm32f1xx_hal_rcc.o
 .text          0x00000000        0x0 build/stm32f1xx_hal_rcc_ex.o
 .data          0x00000000        0x0 build/stm32f1xx_hal_rcc_ex.o
 .bss           0x00000000        0x0 build/stm32f1xx_hal_rcc_ex.o
 .text.HAL_RCCEx_PeriphCLKConfig
                0x00000000      0x114 build/stm32f1xx_hal_rcc_ex.o
 .text.HAL_RCCEx_GetPeriphCLKConfig
                0x00000000       0x2c build/stm32f1xx_hal_rcc_ex.o
 .text.HAL_RCCEx_GetPeriphCLKFreq
                0x00000000       0xe8 build/stm32f1xx_hal_rcc_ex.o
 .rodata.aPLLMULFactorTable.5465
                0x00000000       0x10 build/stm32f1xx_hal_rcc_ex.o
 .rodata.aPredivFactorTable.5466
                0x00000000        0x2 build/stm32f1xx_hal_rcc_ex.o
 .debug_info    0x00000000      0x44d build/stm32f1xx_hal_rcc_ex.o
 .debug_abbrev  0x00000000      0x1b6 build/stm32f1xx_hal_rcc_ex.o
 .debug_loc     0x00000000      0x408 build/stm32f1xx_hal_rcc_ex.o
 .debug_aranges
                0x00000000       0x30 build/stm32f1xx_hal_rcc_ex.o
 .debug_ranges  0x00000000       0x38 build/stm32f1xx_hal_rcc_ex.o
 .debug_line    0x00000000      0x298 build/stm32f1xx_hal_rcc_ex.o
 .debug_str     0x00000000      0x3c3 build/stm32f1xx_hal_rcc_ex.o
 .comment       0x00000000       0x6f build/stm32f1xx_hal_rcc_ex.o
 .debug_frame   0x00000000       0x64 build/stm32f1xx_hal_rcc_ex.o
 .ARM.attributes
                0x00000000       0x33 build/stm32f1xx_hal_rcc_ex.o
 .text          0x00000000        0x0 build/stm32f1xx_hal_gpio.o
 .data          0x00000000        0x0 build/stm32f1xx_hal_gpio.o
 .bss           0x00000000        0x0 build/stm32f1xx_hal_gpio.o
 .text.HAL_GPIO_DeInit
                0x00000000       0xd8 build/stm32f1xx_hal_gpio.o
 .text.HAL_GPIO_ReadPin
                0x00000000       0x10 build/stm32f1xx_hal_gpio.o
 .text.HAL_GPIO_WritePin
                0x00000000        0xc build/stm32f1xx_hal_gpio.o
 .text.HAL_GPIO_TogglePin
                0x00000000       0x14 build/stm32f1xx_hal_gpio.o
 .text.HAL_GPIO_LockPin
                0x00000000       0x30 build/stm32f1xx_hal_gpio.o
 .text.HAL_GPIO_EXTI_Callback
                0x00000000        0x4 build/stm32f1xx_hal_gpio.o
 .text.HAL_GPIO_EXTI_IRQHandler
                0x00000000       0x18 build/stm32f1xx_hal_gpio.o
 .text          0x00000000        0x0 build/stm32f1xx_hal_dma.o
 .data          0x00000000        0x0 build/stm32f1xx_hal_dma.o
 .bss           0x00000000        0x0 build/stm32f1xx_hal_dma.o
 .text.DMA_SetConfig
                0x00000000       0x2c build/stm32f1xx_hal_dma.o
 .text.HAL_DMA_Init
                0x00000000       0x70 build/stm32f1xx_hal_dma.o
 .text.HAL_DMA_DeInit
                0x00000000       0x68 build/stm32f1xx_hal_dma.o
 .text.HAL_DMA_Start
                0x00000000       0x54 build/stm32f1xx_hal_dma.o
 .text.HAL_DMA_Start_IT
                0x00000000       0x78 build/stm32f1xx_hal_dma.o
 .text.HAL_DMA_Abort
                0x00000000       0x48 build/stm32f1xx_hal_dma.o
 .text.HAL_DMA_Abort_IT
                0x00000000       0x98 build/stm32f1xx_hal_dma.o
 .text.HAL_DMA_PollForTransfer
                0x00000000      0x234 build/stm32f1xx_hal_dma.o
 .text.HAL_DMA_IRQHandler
                0x00000000      0x144 build/stm32f1xx_hal_dma.o
 .text.HAL_DMA_RegisterCallback
                0x00000000       0x50 build/stm32f1xx_hal_dma.o
 .text.HAL_DMA_UnRegisterCallback
                0x00000000       0x60 build/stm32f1xx_hal_dma.o
 .text.HAL_DMA_GetState
                0x00000000        0x8 build/stm32f1xx_hal_dma.o
 .text.HAL_DMA_GetError
                0x00000000        0x4 build/stm32f1xx_hal_dma.o
 .debug_info    0x00000000      0x833 build/stm32f1xx_hal_dma.o
 .debug_abbrev  0x00000000      0x21d build/stm32f1xx_hal_dma.o
 .debug_loc     0x00000000      0x810 build/stm32f1xx_hal_dma.o
 .debug_aranges
                0x00000000       0x80 build/stm32f1xx_hal_dma.o
 .debug_ranges  0x00000000       0x70 build/stm32f1xx_hal_dma.o
 .debug_line    0x00000000      0x519 build/stm32f1xx_hal_dma.o
 .debug_str     0x00000000      0x5ed build/stm32f1xx_hal_dma.o
 .comment       0x00000000       0x6f build/stm32f1xx_hal_dma.o
 .debug_frame   0x00000000      0x17c build/stm32f1xx_hal_dma.o
 .ARM.attributes
                0x00000000       0x33 build/stm32f1xx_hal_dma.o
 .text          0x00000000        0x0 build/stm32f1xx_hal_cortex.o
 .data          0x00000000        0x0 build/stm32f1xx_hal_cortex.o
 .bss           0x00000000        0x0 build/stm32f1xx_hal_cortex.o
 .text.HAL_NVIC_EnableIRQ
                0x00000000       0x1c build/stm32f1xx_hal_cortex.o
 .text.HAL_NVIC_DisableIRQ
                0x00000000       0x28 build/stm32f1xx_hal_cortex.o
 .text.HAL_NVIC_SystemReset
                0x00000000       0x24 build/stm32f1xx_hal_cortex.o
 .text.HAL_NVIC_GetPriorityGrouping
                0x00000000       0x10 build/stm32f1xx_hal_cortex.o
 .text.HAL_NVIC_GetPriority
                0x00000000       0x5c build/stm32f1xx_hal_cortex.o
 .text.HAL_NVIC_SetPendingIRQ
                0x00000000       0x20 build/stm32f1xx_hal_cortex.o
 .text.HAL_NVIC_GetPendingIRQ
                0x00000000       0x24 build/stm32f1xx_hal_cortex.o
 .text.HAL_NVIC_ClearPendingIRQ
                0x00000000       0x20 build/stm32f1xx_hal_cortex.o
 .text.HAL_NVIC_GetActive
                0x00000000       0x24 build/stm32f1xx_hal_cortex.o
 .text.HAL_SYSTICK_CLKSourceConfig
                0x00000000       0x20 build/stm32f1xx_hal_cortex.o
 .text.HAL_SYSTICK_Callback
                0x00000000        0x4 build/stm32f1xx_hal_cortex.o
 .text.HAL_SYSTICK_IRQHandler
                0x00000000        0x8 build/stm32f1xx_hal_cortex.o
 .text          0x00000000        0x0 build/stm32f1xx_hal_pwr.o
 .data          0x00000000        0x0 build/stm32f1xx_hal_pwr.o
 .bss           0x00000000        0x0 build/stm32f1xx_hal_pwr.o
 .text.PWR_OverloadWfe
                0x00000000        0x8 build/stm32f1xx_hal_pwr.o
 .text.HAL_PWR_DeInit
                0x00000000       0x18 build/stm32f1xx_hal_pwr.o
 .text.HAL_PWR_EnableBkUpAccess
                0x00000000        0xc build/stm32f1xx_hal_pwr.o
 .text.HAL_PWR_DisableBkUpAccess
                0x00000000        0xc build/stm32f1xx_hal_pwr.o
 .text.HAL_PWR_ConfigPVD
                0x00000000       0x84 build/stm32f1xx_hal_pwr.o
 .text.HAL_PWR_EnablePVD
                0x00000000        0xc build/stm32f1xx_hal_pwr.o
 .text.HAL_PWR_DisablePVD
                0x00000000        0xc build/stm32f1xx_hal_pwr.o
 .text.HAL_PWR_EnableWakeUpPin
                0x00000000       0x18 build/stm32f1xx_hal_pwr.o
 .text.HAL_PWR_DisableWakeUpPin
                0x00000000       0x18 build/stm32f1xx_hal_pwr.o
 .text.HAL_PWR_EnterSLEEPMode
                0x00000000       0x20 build/stm32f1xx_hal_pwr.o
 .text.HAL_PWR_EnterSTOPMode
                0x00000000       0x48 build/stm32f1xx_hal_pwr.o
 .text.HAL_PWR_EnterSTANDBYMode
                0x00000000       0x20 build/stm32f1xx_hal_pwr.o
 .text.HAL_PWR_EnableSleepOnExit
                0x00000000       0x10 build/stm32f1xx_hal_pwr.o
 .text.HAL_PWR_DisableSleepOnExit
                0x00000000       0x10 build/stm32f1xx_hal_pwr.o
 .text.HAL_PWR_EnableSEVOnPend
                0x00000000       0x10 build/stm32f1xx_hal_pwr.o
 .text.HAL_PWR_DisableSEVOnPend
                0x00000000       0x10 build/stm32f1xx_hal_pwr.o
 .text.HAL_PWR_PVDCallback
                0x00000000        0x4 build/stm32f1xx_hal_pwr.o
 .text.HAL_PWR_PVD_IRQHandler
                0x00000000       0x20 build/stm32f1xx_hal_pwr.o
 .debug_info    0x00000000      0x705 build/stm32f1xx_hal_pwr.o
 .debug_abbrev  0x00000000      0x1e0 build/stm32f1xx_hal_pwr.o
 .debug_loc     0x00000000       0xea build/stm32f1xx_hal_pwr.o
 .debug_aranges
                0x00000000       0xa8 build/stm32f1xx_hal_pwr.o
 .debug_ranges  0x00000000       0x98 build/stm32f1xx_hal_pwr.o
 .debug_line    0x00000000      0x30a build/stm32f1xx_hal_pwr.o
 .debug_str     0x00000000      0x48b build/stm32f1xx_hal_pwr.o
 .comment       0x00000000       0x6f build/stm32f1xx_hal_pwr.o
 .debug_frame   0x00000000      0x148 build/stm32f1xx_hal_pwr.o
 .ARM.attributes
                0x00000000       0x33 build/stm32f1xx_hal_pwr.o
 .text          0x00000000        0x0 build/stm32f1xx_hal_flash.o
 .data          0x00000000        0x0 build/stm32f1xx_hal_flash.o
 .bss           0x00000000        0x0 build/stm32f1xx_hal_flash.o
 .text.FLASH_Program_HalfWord
                0x00000000       0x1c build/stm32f1xx_hal_flash.o
 .text.FLASH_SetErrorCode
                0x00000000       0x74 build/stm32f1xx_hal_flash.o
 .text.HAL_FLASH_Program_IT
                0x00000000       0x58 build/stm32f1xx_hal_flash.o
 .text.HAL_FLASH_EndOfOperationCallback
                0x00000000        0x4 build/stm32f1xx_hal_flash.o
 .text.HAL_FLASH_OperationErrorCallback
                0x00000000        0x4 build/stm32f1xx_hal_flash.o
 .text.HAL_FLASH_IRQHandler
                0x00000000      0x154 build/stm32f1xx_hal_flash.o
 .text.HAL_FLASH_Unlock
                0x00000000       0x34 build/stm32f1xx_hal_flash.o
 .text.HAL_FLASH_Lock
                0x00000000       0x14 build/stm32f1xx_hal_flash.o
 .text.HAL_FLASH_OB_Unlock
                0x00000000       0x28 build/stm32f1xx_hal_flash.o
 .text.HAL_FLASH_OB_Lock
                0x00000000       0x14 build/stm32f1xx_hal_flash.o
 .text.HAL_FLASH_OB_Launch
                0x00000000        0x8 build/stm32f1xx_hal_flash.o
 .text.HAL_FLASH_GetError
                0x00000000        0xc build/stm32f1xx_hal_flash.o
 .text.FLASH_WaitForLastOperation
                0x00000000       0x70 build/stm32f1xx_hal_flash.o
 .text.HAL_FLASH_Program
                0x00000000       0xa0 build/stm32f1xx_hal_flash.o
 .debug_info    0x00000000      0x6a9 build/stm32f1xx_hal_flash.o
 .debug_abbrev  0x00000000      0x23e build/stm32f1xx_hal_flash.o
 .debug_loc     0x00000000      0x36b build/stm32f1xx_hal_flash.o
 .debug_aranges
                0x00000000       0x88 build/stm32f1xx_hal_flash.o
 .debug_ranges  0x00000000       0x78 build/stm32f1xx_hal_flash.o
 .debug_line    0x00000000      0x3ae build/stm32f1xx_hal_flash.o
 .debug_str     0x00000000      0x51f build/stm32f1xx_hal_flash.o
 .comment       0x00000000       0x6f build/stm32f1xx_hal_flash.o
 .debug_frame   0x00000000      0x150 build/stm32f1xx_hal_flash.o
 .ARM.attributes
                0x00000000       0x33 build/stm32f1xx_hal_flash.o
 COMMON         0x00000000       0x20 build/stm32f1xx_hal_flash.o
 .text          0x00000000        0x0 build/stm32f1xx_hal_flash_ex.o
 .data          0x00000000        0x0 build/stm32f1xx_hal_flash_ex.o
 .bss           0x00000000        0x0 build/stm32f1xx_hal_flash_ex.o
 .text.FLASH_MassErase
                0x00000000       0x24 build/stm32f1xx_hal_flash_ex.o
 .text.FLASH_OB_GetWRP
                0x00000000        0xc build/stm32f1xx_hal_flash_ex.o
 .text.FLASH_OB_GetRDP
                0x00000000       0x18 build/stm32f1xx_hal_flash_ex.o
 .text.FLASH_OB_GetUser
                0x00000000       0x10 build/stm32f1xx_hal_flash_ex.o
 .text.FLASH_OB_RDP_LevelConfig
                0x00000000       0x6c build/stm32f1xx_hal_flash_ex.o
 .text.FLASH_OB_UserConfig
                0x00000000       0x4c build/stm32f1xx_hal_flash_ex.o
 .text.FLASH_OB_ProgramData
                0x00000000       0x44 build/stm32f1xx_hal_flash_ex.o
 .text.HAL_FLASHEx_OBErase
                0x00000000       0x54 build/stm32f1xx_hal_flash_ex.o
 .text.FLASH_OB_EnableWRP
                0x00000000       0xb8 build/stm32f1xx_hal_flash_ex.o
 .text.FLASH_OB_DisableWRP
                0x00000000       0xc0 build/stm32f1xx_hal_flash_ex.o
 .text.HAL_FLASHEx_OBProgram
                0x00000000       0xa4 build/stm32f1xx_hal_flash_ex.o
 .text.HAL_FLASHEx_OBGetConfig
                0x00000000       0x1c build/stm32f1xx_hal_flash_ex.o
 .text.HAL_FLASHEx_OBGetUserData
                0x00000000       0x24 build/stm32f1xx_hal_flash_ex.o
 .text.FLASH_PageErase
                0x00000000       0x24 build/stm32f1xx_hal_flash_ex.o
 .text.HAL_FLASHEx_Erase
                0x00000000       0xa4 build/stm32f1xx_hal_flash_ex.o
 .text.HAL_FLASHEx_Erase_IT
                0x00000000       0x50 build/stm32f1xx_hal_flash_ex.o
 .debug_info    0x00000000      0xac8 build/stm32f1xx_hal_flash_ex.o
 .debug_abbrev  0x00000000      0x25e build/stm32f1xx_hal_flash_ex.o
 .debug_loc     0x00000000      0x813 build/stm32f1xx_hal_flash_ex.o
 .debug_aranges
                0x00000000       0x98 build/stm32f1xx_hal_flash_ex.o
 .debug_ranges  0x00000000       0x88 build/stm32f1xx_hal_flash_ex.o
 .debug_line    0x00000000      0x3f1 build/stm32f1xx_hal_flash_ex.o
 .debug_str     0x00000000      0x635 build/stm32f1xx_hal_flash_ex.o
 .comment       0x00000000       0x6f build/stm32f1xx_hal_flash_ex.o
 .debug_frame   0x00000000      0x1c8 build/stm32f1xx_hal_flash_ex.o
 .ARM.attributes
                0x00000000       0x33 build/stm32f1xx_hal_flash_ex.o
 .text          0x00000000        0x0 build/stm32f1xx_hal_exti.o
 .data          0x00000000        0x0 build/stm32f1xx_hal_exti.o
 .bss           0x00000000        0x0 build/stm32f1xx_hal_exti.o
 .text.HAL_EXTI_SetConfigLine
                0x00000000       0xd8 build/stm32f1xx_hal_exti.o
 .text.HAL_EXTI_GetConfigLine
                0x00000000       0xa8 build/stm32f1xx_hal_exti.o
 .text.HAL_EXTI_ClearConfigLine
                0x00000000       0x7c build/stm32f1xx_hal_exti.o
 .text.HAL_EXTI_RegisterCallback
                0x00000000        0xc build/stm32f1xx_hal_exti.o
 .text.HAL_EXTI_GetHandle
                0x00000000        0xc build/stm32f1xx_hal_exti.o
 .text.HAL_EXTI_IRQHandler
                0x00000000       0x24 build/stm32f1xx_hal_exti.o
 .text.HAL_EXTI_GetPending
                0x00000000       0x18 build/stm32f1xx_hal_exti.o
 .text.HAL_EXTI_ClearPending
                0x00000000       0x14 build/stm32f1xx_hal_exti.o
 .text.HAL_EXTI_GenerateSWI
                0x00000000       0x14 build/stm32f1xx_hal_exti.o
 .debug_info    0x00000000      0x582 build/stm32f1xx_hal_exti.o
 .debug_abbrev  0x00000000      0x1d0 build/stm32f1xx_hal_exti.o
 .debug_loc     0x00000000      0x581 build/stm32f1xx_hal_exti.o
 .debug_aranges
                0x00000000       0x60 build/stm32f1xx_hal_exti.o
 .debug_ranges  0x00000000       0x50 build/stm32f1xx_hal_exti.o
 .debug_line    0x00000000      0x2bb build/stm32f1xx_hal_exti.o
 .debug_str     0x00000000      0x3c6 build/stm32f1xx_hal_exti.o
 .comment       0x00000000       0x6f build/stm32f1xx_hal_exti.o
 .debug_frame   0x00000000      0x110 build/stm32f1xx_hal_exti.o
 .ARM.attributes
                0x00000000       0x33 build/stm32f1xx_hal_exti.o
 .text          0x00000000        0x0 build/system_stm32f1xx.o
 .data          0x00000000        0x0 build/system_stm32f1xx.o
 .bss           0x00000000        0x0 build/system_stm32f1xx.o
 .text.SystemCoreClockUpdate
                0x00000000       0x94 build/system_stm32f1xx.o
 .rodata.APBPrescTable
                0x00000000        0x8 build/system_stm32f1xx.o
 .text          0x00000000        0x0 build/sysmem.o
 .data          0x00000000        0x0 build/sysmem.o
 .bss           0x00000000        0x0 build/sysmem.o
 .text._sbrk    0x00000000       0x44 build/sysmem.o
 .bss.__sbrk_heap_end
                0x00000000        0x4 build/sysmem.o
 .debug_info    0x00000000      0x19a build/sysmem.o
 .debug_abbrev  0x00000000       0xc5 build/sysmem.o
 .debug_loc     0x00000000       0x41 build/sysmem.o
 .debug_aranges
                0x00000000       0x20 build/sysmem.o
 .debug_ranges  0x00000000       0x10 build/sysmem.o
 .debug_line    0x00000000      0x13c build/sysmem.o
 .debug_str     0x00000000      0x1e9 build/sysmem.o
 .comment       0x00000000       0x6f build/sysmem.o
 .debug_frame   0x00000000       0x2c build/sysmem.o
 .ARM.attributes
                0x00000000       0x33 build/sysmem.o
 .text          0x00000000        0x0 build/syscalls.o
 .data          0x00000000        0x0 build/syscalls.o
 .bss           0x00000000        0x0 build/syscalls.o
 .text.initialise_monitor_handles
                0x00000000        0x4 build/syscalls.o
 .text._getpid  0x00000000        0x4 build/syscalls.o
 .text._kill    0x00000000       0x10 build/syscalls.o
 .text._exit    0x00000000        0xc build/syscalls.o
 .text._read    0x00000000       0x20 build/syscalls.o
 .text._write   0x00000000       0x1c build/syscalls.o
 .text._close   0x00000000        0x8 build/syscalls.o
 .text._fstat   0x00000000        0xc build/syscalls.o
 .text._isatty  0x00000000        0x4 build/syscalls.o
 .text._lseek   0x00000000        0x4 build/syscalls.o
 .text._open    0x00000000        0xc build/syscalls.o
 .text._wait    0x00000000       0x10 build/syscalls.o
 .text._unlink  0x00000000       0x10 build/syscalls.o
 .text._times   0x00000000        0x8 build/syscalls.o
 .text._stat    0x00000000        0xc build/syscalls.o
 .text._link    0x00000000       0x10 build/syscalls.o
 .text._fork    0x00000000       0x10 build/syscalls.o
 .text._execve  0x00000000       0x10 build/syscalls.o
 .data.environ  0x00000000        0x4 build/syscalls.o
 .bss.__env     0x00000000        0x4 build/syscalls.o
 .debug_info    0x00000000      0x76b build/syscalls.o
 .debug_abbrev  0x00000000      0x19b build/syscalls.o
 .debug_loc     0x00000000      0x496 build/syscalls.o
 .debug_aranges
                0x00000000       0xa8 build/syscalls.o
 .debug_ranges  0x00000000       0x98 build/syscalls.o
 .debug_line    0x00000000      0x262 build/syscalls.o
 .debug_str     0x00000000      0x3b6 build/syscalls.o
 .comment       0x00000000       0x6f build/syscalls.o
 .debug_frame   0x00000000      0x1c4 build/syscalls.o
 .ARM.attributes
                0x00000000       0x33 build/syscalls.o
 .text          0x00000000       0x14 build/startup_stm32f103xb.o
 .data          0x00000000        0x0 build/startup_stm32f103xb.o
 .bss           0x00000000        0x0 build/startup_stm32f103xb.o
 .text          0x00000000        0x0 e:/tool/arm-none-eabi-gcc/path/bin/../lib/gcc/arm-none-eabi/5.4.1/../../../../arm-none-eabi/lib/armv7-m\libc_nano.a(lib_a-errno.o)
 .data          0x00000000        0x0 e:/tool/arm-none-eabi-gcc/path/bin/../lib/gcc/arm-none-eabi/5.4.1/../../../../arm-none-eabi/lib/armv7-m\libc_nano.a(lib_a-errno.o)
 .bss           0x00000000        0x0 e:/tool/arm-none-eabi-gcc/path/bin/../lib/gcc/arm-none-eabi/5.4.1/../../../../arm-none-eabi/lib/armv7-m\libc_nano.a(lib_a-errno.o)
 .text.__errno  0x00000000        0xc e:/tool/arm-none-eabi-gcc/path/bin/../lib/gcc/arm-none-eabi/5.4.1/../../../../arm-none-eabi/lib/armv7-m\libc_nano.a(lib_a-errno.o)
 .debug_frame   0x00000000       0x20 e:/tool/arm-none-eabi-gcc/path/bin/../lib/gcc/arm-none-eabi/5.4.1/../../../../arm-none-eabi/lib/armv7-m\libc_nano.a(lib_a-errno.o)
 .ARM.attributes
                0x00000000       0x2d e:/tool/arm-none-eabi-gcc/path/bin/../lib/gcc/arm-none-eabi/5.4.1/../../../../arm-none-eabi/lib/armv7-m\libc_nano.a(lib_a-errno.o)
 .text          0x00000000        0x0 e:/tool/arm-none-eabi-gcc/path/bin/../lib/gcc/arm-none-eabi/5.4.1/../../../../arm-none-eabi/lib/armv7-m\libc_nano.a(lib_a-exit.o)
 .data          0x00000000        0x0 e:/tool/arm-none-eabi-gcc/path/bin/../lib/gcc/arm-none-eabi/5.4.1/../../../../arm-none-eabi/lib/armv7-m\libc_nano.a(lib_a-exit.o)
 .bss           0x00000000        0x0 e:/tool/arm-none-eabi-gcc/path/bin/../lib/gcc/arm-none-eabi/5.4.1/../../../../arm-none-eabi/lib/armv7-m\libc_nano.a(lib_a-exit.o)
 .text.exit     0x00000000       0x28 e:/tool/arm-none-eabi-gcc/path/bin/../lib/gcc/arm-none-eabi/5.4.1/../../../../arm-none-eabi/lib/armv7-m\libc_nano.a(lib_a-exit.o)
 .debug_frame   0x00000000       0x28 e:/tool/arm-none-eabi-gcc/path/bin/../lib/gcc/arm-none-eabi/5.4.1/../../../../arm-none-eabi/lib/armv7-m\libc_nano.a(lib_a-exit.o)
 .ARM.attributes
                0x00000000       0x2d e:/tool/arm-none-eabi-gcc/path/bin/../lib/gcc/arm-none-eabi/5.4.1/../../../../arm-none-eabi/lib/armv7-m\libc_nano.a(lib_a-exit.o)
 .text          0x00000000        0x0 e:/tool/arm-none-eabi-gcc/path/bin/../lib/gcc/arm-none-eabi/5.4.1/../../../../arm-none-eabi/lib/armv7-m\libc_nano.a(lib_a-impure.o)
 .data          0x00000000        0x0 e:/tool/arm-none-eabi-gcc/path/bin/../lib/gcc/arm-none-eabi/5.4.1/../../../../arm-none-eabi/lib/armv7-m\libc_nano.a(lib_a-impure.o)
 .bss           0x00000000        0x0 e:/tool/arm-none-eabi-gcc/path/bin/../lib/gcc/arm-none-eabi/5.4.1/../../../../arm-none-eabi/lib/armv7-m\libc_nano.a(lib_a-impure.o)
 .data.impure_data
                0x00000000       0x60 e:/tool/arm-none-eabi-gcc/path/bin/../lib/gcc/arm-none-eabi/5.4.1/../../../../arm-none-eabi/lib/armv7-m\libc_nano.a(lib_a-impure.o)
 .data._impure_ptr
                0x00000000        0x4 e:/tool/arm-none-eabi-gcc/path/bin/../lib/gcc/arm-none-eabi/5.4.1/../../../../arm-none-eabi/lib/armv7-m\libc_nano.a(lib_a-impure.o)
 .rodata._global_impure_ptr
                0x00000000        0x4 e:/tool/arm-none-eabi-gcc/path/bin/../lib/gcc/arm-none-eabi/5.4.1/../../../../arm-none-eabi/lib/armv7-m\libc_nano.a(lib_a-impure.o)
 .ARM.attributes
                0x00000000       0x2d e:/tool/arm-none-eabi-gcc/path/bin/../lib/gcc/arm-none-eabi/5.4.1/../../../../arm-none-eabi/lib/armv7-m\libc_nano.a(lib_a-impure.o)
 .text          0x00000000        0x0 e:/tool/arm-none-eabi-gcc/path/bin/../lib/gcc/arm-none-eabi/5.4.1/../../../../arm-none-eabi/lib/armv7-m\libc_nano.a(lib_a-init.o)
 .data          0x00000000        0x0 e:/tool/arm-none-eabi-gcc/path/bin/../lib/gcc/arm-none-eabi/5.4.1/../../../../arm-none-eabi/lib/armv7-m\libc_nano.a(lib_a-init.o)
 .bss           0x00000000        0x0 e:/tool/arm-none-eabi-gcc/path/bin/../lib/gcc/arm-none-eabi/5.4.1/../../../../arm-none-eabi/lib/armv7-m\libc_nano.a(lib_a-init.o)
 .text          0x00000000        0x0 e:/tool/arm-none-eabi-gcc/path/bin/../lib/gcc/arm-none-eabi/5.4.1/../../../../arm-none-eabi/lib/armv7-m\libc_nano.a(lib_a-memset.o)
 .data          0x00000000        0x0 e:/tool/arm-none-eabi-gcc/path/bin/../lib/gcc/arm-none-eabi/5.4.1/../../../../arm-none-eabi/lib/armv7-m\libc_nano.a(lib_a-memset.o)
 .bss           0x00000000        0x0 e:/tool/arm-none-eabi-gcc/path/bin/../lib/gcc/arm-none-eabi/5.4.1/../../../../arm-none-eabi/lib/armv7-m\libc_nano.a(lib_a-memset.o)
 .text          0x00000000        0x0 e:/tool/arm-none-eabi-gcc/path/bin/../lib/gcc/arm-none-eabi/5.4.1/armv7-m/crtend.o
 .data          0x00000000        0x0 e:/tool/arm-none-eabi-gcc/path/bin/../lib/gcc/arm-none-eabi/5.4.1/armv7-m/crtend.o
 .bss           0x00000000        0x0 e:/tool/arm-none-eabi-gcc/path/bin/../lib/gcc/arm-none-eabi/5.4.1/armv7-m/crtend.o
 .eh_frame      0x00000000        0x4 e:/tool/arm-none-eabi-gcc/path/bin/../lib/gcc/arm-none-eabi/5.4.1/armv7-m/crtend.o
 .jcr           0x00000000        0x4 e:/tool/arm-none-eabi-gcc/path/bin/../lib/gcc/arm-none-eabi/5.4.1/armv7-m/crtend.o
 .ARM.attributes
                0x00000000       0x2d e:/tool/arm-none-eabi-gcc/path/bin/../lib/gcc/arm-none-eabi/5.4.1/armv7-m/crtend.o
 .text          0x00000000        0x0 e:/tool/arm-none-eabi-gcc/path/bin/../lib/gcc/arm-none-eabi/5.4.1/armv7-m/crtn.o
 .data          0x00000000        0x0 e:/tool/arm-none-eabi-gcc/path/bin/../lib/gcc/arm-none-eabi/5.4.1/armv7-m/crtn.o
 .bss           0x00000000        0x0 e:/tool/arm-none-eabi-gcc/path/bin/../lib/gcc/arm-none-eabi/5.4.1/armv7-m/crtn.o

Memory Configuration

Name             Origin             Length             Attributes
RAM              0x20000000         0x00005000         xrw
FLASH            0x08000000         0x00010000         xr
*default*        0x00000000         0xffffffff

Linker script and memory map

LOAD e:/tool/arm-none-eabi-gcc/path/bin/../lib/gcc/arm-none-eabi/5.4.1/armv7-m/crti.o
LOAD e:/tool/arm-none-eabi-gcc/path/bin/../lib/gcc/arm-none-eabi/5.4.1/armv7-m/crtbegin.o
LOAD e:/tool/arm-none-eabi-gcc/path/bin/../lib/gcc/arm-none-eabi/5.4.1/../../../../arm-none-eabi/lib/armv7-m/crt0.o
LOAD build/main.o
LOAD build/stm32f1xx_it.o
LOAD build/stm32f1xx_hal_msp.o
LOAD build/stm32f1xx_hal_gpio_ex.o
LOAD build/stm32f1xx_hal_tim.o
LOAD build/stm32f1xx_hal_tim_ex.o
LOAD build/stm32f1xx_hal.o
LOAD build/stm32f1xx_hal_rcc.o
LOAD build/stm32f1xx_hal_rcc_ex.o
LOAD build/stm32f1xx_hal_gpio.o
LOAD build/stm32f1xx_hal_dma.o
LOAD build/stm32f1xx_hal_cortex.o
LOAD build/stm32f1xx_hal_pwr.o
LOAD build/stm32f1xx_hal_flash.o
LOAD build/stm32f1xx_hal_flash_ex.o
LOAD build/stm32f1xx_hal_exti.o
LOAD build/system_stm32f1xx.o
LOAD build/sysmem.o
LOAD build/syscalls.o
LOAD build/startup_stm32f103xb.o
LOAD e:/tool/arm-none-eabi-gcc/path/bin/../lib/gcc/arm-none-eabi/5.4.1/../../../../arm-none-eabi/lib/armv7-m\libc_nano.a
LOAD e:/tool/arm-none-eabi-gcc/path/bin/../lib/gcc/arm-none-eabi/5.4.1/../../../../arm-none-eabi/lib/armv7-m\libm.a
LOAD e:/tool/arm-none-eabi-gcc/path/bin/../lib/gcc/arm-none-eabi/5.4.1/../../../../arm-none-eabi/lib/armv7-m\libnosys.a
START GROUP
LOAD e:/tool/arm-none-eabi-gcc/path/bin/../lib/gcc/arm-none-eabi/5.4.1/armv7-m\libgcc.a
LOAD e:/tool/arm-none-eabi-gcc/path/bin/../lib/gcc/arm-none-eabi/5.4.1/../../../../arm-none-eabi/lib/armv7-m\libc_nano.a
END GROUP
START GROUP
LOAD e:/tool/arm-none-eabi-gcc/path/bin/../lib/gcc/arm-none-eabi/5.4.1/armv7-m\libgcc.a
LOAD e:/tool/arm-none-eabi-gcc/path/bin/../lib/gcc/arm-none-eabi/5.4.1/../../../../arm-none-eabi/lib/armv7-m\libc_nano.a
END GROUP
LOAD e:/tool/arm-none-eabi-gcc/path/bin/../lib/gcc/arm-none-eabi/5.4.1/armv7-m/crtend.o
LOAD e:/tool/arm-none-eabi-gcc/path/bin/../lib/gcc/arm-none-eabi/5.4.1/armv7-m/crtn.o
                0x20005000                _estack = (ORIGIN (RAM) + LENGTH (RAM))
                0x00000200                _Min_Heap_Size = 0x200
                0x00000400                _Min_Stack_Size = 0x400

.isr_vector     0x08000000      0x10c
                0x08000000                . = ALIGN (0x4)
 *(.isr_vector)
 .isr_vector    0x08000000      0x10c build/startup_stm32f103xb.o
                0x08000000                g_pfnVectors
                0x0800010c                . = ALIGN (0x4)

.text           0x0800010c      0xb7c
                0x0800010c                . = ALIGN (0x4)
 *(.text)
 .text          0x0800010c       0x5c e:/tool/arm-none-eabi-gcc/path/bin/../lib/gcc/arm-none-eabi/5.4.1/armv7-m/crtbegin.o
 *(.text*)
 .text.MX_GPIO_Init
                0x08000168       0x40 build/main.o
 .text.Error_Handler
                0x080001a8        0x4 build/main.o
                0x080001a8                Error_Handler
 .text.SystemClock_Config
                0x080001ac       0x54 build/main.o
                0x080001ac                SystemClock_Config
 .text.main     0x08000200       0x10 build/main.o
                0x08000200                main
 .text.NMI_Handler
                0x08000210        0x4 build/stm32f1xx_it.o
                0x08000210                NMI_Handler
 .text.HardFault_Handler
                0x08000214        0x4 build/stm32f1xx_it.o
                0x08000214                HardFault_Handler
 .text.MemManage_Handler
                0x08000218        0x4 build/stm32f1xx_it.o
                0x08000218                MemManage_Handler
 .text.BusFault_Handler
                0x0800021c        0x4 build/stm32f1xx_it.o
                0x0800021c                BusFault_Handler
 .text.UsageFault_Handler
                0x08000220        0x4 build/stm32f1xx_it.o
                0x08000220                UsageFault_Handler
 .text.SVC_Handler
                0x08000224        0x4 build/stm32f1xx_it.o
                0x08000224                SVC_Handler
 .text.DebugMon_Handler
                0x08000228        0x4 build/stm32f1xx_it.o
                0x08000228                DebugMon_Handler
 .text.PendSV_Handler
                0x0800022c        0x4 build/stm32f1xx_it.o
                0x0800022c                PendSV_Handler
 .text.SysTick_Handler
                0x08000230        0x8 build/stm32f1xx_it.o
                0x08000230                SysTick_Handler
 .text.HAL_MspInit
                0x08000238       0x44 build/stm32f1xx_hal_msp.o
                0x08000238                HAL_MspInit
 .text.HAL_InitTick
                0x0800027c       0x4c build/stm32f1xx_hal.o
                0x0800027c                HAL_InitTick
 .text.HAL_Init
                0x080002c8       0x24 build/stm32f1xx_hal.o
                0x080002c8                HAL_Init
 .text.HAL_IncTick
                0x080002ec       0x18 build/stm32f1xx_hal.o
                0x080002ec                HAL_IncTick
 .text.HAL_GetTick
                0x08000304        0xc build/stm32f1xx_hal.o
                0x08000304                HAL_GetTick
 .text.RCC_Delay
                0x08000310       0x2c build/stm32f1xx_hal_rcc.o
 .text.HAL_RCC_OscConfig
                0x0800033c      0x434 build/stm32f1xx_hal_rcc.o
                0x0800033c                HAL_RCC_OscConfig
 .text.HAL_RCC_GetSysClockFreq
                0x08000770       0x54 build/stm32f1xx_hal_rcc.o
                0x08000770                HAL_RCC_GetSysClockFreq
 .text.HAL_RCC_ClockConfig
                0x080007c4      0x170 build/stm32f1xx_hal_rcc.o
                0x080007c4                HAL_RCC_ClockConfig
 .text.HAL_GPIO_Init
                0x08000934      0x1dc build/stm32f1xx_hal_gpio.o
                0x08000934                HAL_GPIO_Init
 .text.HAL_NVIC_SetPriorityGrouping
                0x08000b10       0x24 build/stm32f1xx_hal_cortex.o
                0x08000b10                HAL_NVIC_SetPriorityGrouping
 .text.HAL_NVIC_SetPriority
                0x08000b34       0x64 build/stm32f1xx_hal_cortex.o
                0x08000b34                HAL_NVIC_SetPriority
 .text.HAL_SYSTICK_Config
                0x08000b98       0x2c build/stm32f1xx_hal_cortex.o
                0x08000b98                HAL_SYSTICK_Config
 .text.SystemInit
                0x08000bc4        0x4 build/system_stm32f1xx.o
                0x08000bc4                SystemInit
 .text.Reset_Handler
                0x08000bc8       0x48 build/startup_stm32f103xb.o
                0x08000bc8                Reset_Handler
 .text.Default_Handler
                0x08000c10        0x2 build/startup_stm32f103xb.o
                0x08000c10                RTC_Alarm_IRQHandler
                0x08000c10                EXTI2_IRQHandler
                0x08000c10                TIM1_CC_IRQHandler
                0x08000c10                PVD_IRQHandler
                0x08000c10                EXTI3_IRQHandler
                0x08000c10                EXTI0_IRQHandler
                0x08000c10                I2C2_EV_IRQHandler
                0x08000c10                ADC1_2_IRQHandler
                0x08000c10                SPI1_IRQHandler
                0x08000c10                TAMPER_IRQHandler
                0x08000c10                DMA1_Channel4_IRQHandler
                0x08000c10                USART3_IRQHandler
                0x08000c10                RTC_IRQHandler
                0x08000c10                DMA1_Channel7_IRQHandler
                0x08000c10                CAN1_RX1_IRQHandler
                0x08000c10                TIM4_IRQHandler
                0x08000c10                I2C1_EV_IRQHandler
                0x08000c10                DMA1_Channel6_IRQHandler
                0x08000c10                TIM3_IRQHandler
                0x08000c10                RCC_IRQHandler
                0x08000c10                TIM1_TRG_COM_IRQHandler
                0x08000c10                DMA1_Channel1_IRQHandler
                0x08000c10                Default_Handler
                0x08000c10                EXTI15_10_IRQHandler
                0x08000c10                EXTI9_5_IRQHandler
                0x08000c10                SPI2_IRQHandler
                0x08000c10                DMA1_Channel5_IRQHandler
                0x08000c10                EXTI4_IRQHandler
                0x08000c10                USB_LP_CAN1_RX0_IRQHandler
                0x08000c10                USB_HP_CAN1_TX_IRQHandler
                0x08000c10                DMA1_Channel3_IRQHandler
                0x08000c10                TIM1_UP_IRQHandler
                0x08000c10                WWDG_IRQHandler
                0x08000c10                TIM2_IRQHandler
                0x08000c10                TIM1_BRK_IRQHandler
                0x08000c10                EXTI1_IRQHandler
                0x08000c10                USART2_IRQHandler
                0x08000c10                I2C2_ER_IRQHandler
                0x08000c10                DMA1_Channel2_IRQHandler
                0x08000c10                CAN1_SCE_IRQHandler
                0x08000c10                FLASH_IRQHandler
                0x08000c10                USART1_IRQHandler
                0x08000c10                I2C1_ER_IRQHandler
                0x08000c10                USBWakeUp_IRQHandler
 *fill*         0x08000c12        0x2 
 .text.__libc_init_array
                0x08000c14       0x4c e:/tool/arm-none-eabi-gcc/path/bin/../lib/gcc/arm-none-eabi/5.4.1/../../../../arm-none-eabi/lib/armv7-m\libc_nano.a(lib_a-init.o)
                0x08000c14                __libc_init_array
 .text.memset   0x08000c60       0x10 e:/tool/arm-none-eabi-gcc/path/bin/../lib/gcc/arm-none-eabi/5.4.1/../../../../arm-none-eabi/lib/armv7-m\libc_nano.a(lib_a-memset.o)
                0x08000c60                memset
 *(.glue_7)
 .glue_7        0x08000c70        0x0 linker stubs
 *(.glue_7t)
 .glue_7t       0x08000c70        0x0 linker stubs
 *(.eh_frame)
 .eh_frame      0x08000c70        0x0 e:/tool/arm-none-eabi-gcc/path/bin/../lib/gcc/arm-none-eabi/5.4.1/armv7-m/crtbegin.o
 *(.init)
 .init          0x08000c70        0x4 e:/tool/arm-none-eabi-gcc/path/bin/../lib/gcc/arm-none-eabi/5.4.1/armv7-m/crti.o
                0x08000c70                _init
 .init          0x08000c74        0x8 e:/tool/arm-none-eabi-gcc/path/bin/../lib/gcc/arm-none-eabi/5.4.1/armv7-m/crtn.o
 *(.fini)
 .fini          0x08000c7c        0x4 e:/tool/arm-none-eabi-gcc/path/bin/../lib/gcc/arm-none-eabi/5.4.1/armv7-m/crti.o
                0x08000c7c                _fini
 .fini          0x08000c80        0x8 e:/tool/arm-none-eabi-gcc/path/bin/../lib/gcc/arm-none-eabi/5.4.1/armv7-m/crtn.o
                0x08000c88                . = ALIGN (0x4)
                0x08000c88                _etext = .

.vfp11_veneer   0x08000c88        0x0
 .vfp11_veneer  0x08000c88        0x0 linker stubs

.v4_bx          0x08000c88        0x0
 .v4_bx         0x08000c88        0x0 linker stubs

.iplt           0x08000c88        0x0
 .iplt          0x08000c88        0x0 e:/tool/arm-none-eabi-gcc/path/bin/../lib/gcc/arm-none-eabi/5.4.1/armv7-m/crtbegin.o

.rodata         0x08000c88       0x24
                0x08000c88                . = ALIGN (0x4)
 *(.rodata)
 *(.rodata*)
 .rodata.aPLLMULFactorTable.5530
                0x08000c88       0x10 build/stm32f1xx_hal_rcc.o
 .rodata.aPredivFactorTable.5531
                0x08000c98        0x2 build/stm32f1xx_hal_rcc.o
 *fill*         0x08000c9a        0x2 
 .rodata.AHBPrescTable
                0x08000c9c       0x10 build/system_stm32f1xx.o
                0x08000c9c                AHBPrescTable
                0x08000cac                . = ALIGN (0x4)

.rel.dyn        0x08000cac        0x0
 .rel.iplt      0x08000cac        0x0 e:/tool/arm-none-eabi-gcc/path/bin/../lib/gcc/arm-none-eabi/5.4.1/armv7-m/crtbegin.o

.ARM.extab
 *(.ARM.extab* .gnu.linkonce.armextab.*)

.ARM            0x08000cac        0x0
                0x08000cac                __exidx_start = .
 *(.ARM.exidx*)
                0x08000cac                __exidx_end = .

.preinit_array  0x08000cac        0x0
                0x08000cac                PROVIDE (__preinit_array_start, .)
 *(.preinit_array*)
                0x08000cac                PROVIDE (__preinit_array_end, .)

.init_array     0x08000cac        0x4
                0x08000cac                PROVIDE (__init_array_start, .)
 *(SORT(.init_array.*))
 *(.init_array*)
 .init_array    0x08000cac        0x4 e:/tool/arm-none-eabi-gcc/path/bin/../lib/gcc/arm-none-eabi/5.4.1/armv7-m/crtbegin.o
                0x08000cb0                PROVIDE (__init_array_end, .)

.fini_array     0x08000cb0        0x4
                [!provide]                PROVIDE (__fini_array_start, .)
 *(SORT(.fini_array.*))
 *(.fini_array*)
 .fini_array    0x08000cb0        0x4 e:/tool/arm-none-eabi-gcc/path/bin/../lib/gcc/arm-none-eabi/5.4.1/armv7-m/crtbegin.o
                [!provide]                PROVIDE (__fini_array_end, .)
                0x08000cb4                _sidata = LOADADDR (.data)

.data           0x20000000        0xc load address 0x08000cb4
                0x20000000                . = ALIGN (0x4)
                0x20000000                _sdata = .
 *(.data)
 *(.data*)
 .data.uwTickPrio
                0x20000000        0x4 build/stm32f1xx_hal.o
                0x20000000                uwTickPrio
 .data.uwTickFreq
                0x20000004        0x1 build/stm32f1xx_hal.o
                0x20000004                uwTickFreq
 *fill*         0x20000005        0x3 
 .data.SystemCoreClock
                0x20000008        0x4 build/system_stm32f1xx.o
                0x20000008                SystemCoreClock
                0x2000000c                . = ALIGN (0x4)
                0x2000000c                _edata = .

.jcr            0x2000000c        0x0 load address 0x08000cc0
 .jcr           0x2000000c        0x0 e:/tool/arm-none-eabi-gcc/path/bin/../lib/gcc/arm-none-eabi/5.4.1/armv7-m/crtbegin.o

.igot.plt       0x2000000c        0x0 load address 0x08000cc0
 .igot.plt      0x2000000c        0x0 e:/tool/arm-none-eabi-gcc/path/bin/../lib/gcc/arm-none-eabi/5.4.1/armv7-m/crtbegin.o
                0x2000000c                . = ALIGN (0x4)

.bss            0x2000000c       0x20 load address 0x08000cc0
                0x2000000c                _sbss = .
                0x2000000c                __bss_start__ = _sbss
 *(.bss)
 .bss           0x2000000c       0x1c e:/tool/arm-none-eabi-gcc/path/bin/../lib/gcc/arm-none-eabi/5.4.1/armv7-m/crtbegin.o
 *(.bss*)
 *(COMMON)
 COMMON         0x20000028        0x4 build/stm32f1xx_hal.o
                0x20000028                uwTick
                0x2000002c                . = ALIGN (0x4)
                0x2000002c                _ebss = .
                0x2000002c                __bss_end__ = _ebss

._user_heap_stack
                0x2000002c      0x604 load address 0x08000cc0
                0x20000030                . = ALIGN (0x8)
 *fill*         0x2000002c        0x4 
                [!provide]                PROVIDE (end, .)
                0x20000030                PROVIDE (_end, .)
                0x20000230                . = (. + _Min_Heap_Size)
 *fill*         0x20000030      0x200 
                0x20000630                . = (. + _Min_Stack_Size)
 *fill*         0x20000230      0x400 
                0x20000630                . = ALIGN (0x8)

/DISCARD/
 libc.a(*)
 libm.a(*)
 libgcc.a(*)

.ARM.attributes
                0x00000000       0x29
 *(.ARM.attributes)
 .ARM.attributes
                0x00000000       0x1d e:/tool/arm-none-eabi-gcc/path/bin/../lib/gcc/arm-none-eabi/5.4.1/armv7-m/crti.o
 .ARM.attributes
                0x0000001d       0x2d e:/tool/arm-none-eabi-gcc/path/bin/../lib/gcc/arm-none-eabi/5.4.1/armv7-m/crtbegin.o
 .ARM.attributes
                0x0000004a       0x33 build/main.o
 .ARM.attributes
                0x0000007d       0x33 build/stm32f1xx_it.o
 .ARM.attributes
                0x000000b0       0x33 build/stm32f1xx_hal_msp.o
 .ARM.attributes
                0x000000e3       0x33 build/stm32f1xx_hal.o
 .ARM.attributes
                0x00000116       0x33 build/stm32f1xx_hal_rcc.o
 .ARM.attributes
                0x00000149       0x33 build/stm32f1xx_hal_gpio.o
 .ARM.attributes
                0x0000017c       0x33 build/stm32f1xx_hal_cortex.o
 .ARM.attributes
                0x000001af       0x33 build/system_stm32f1xx.o
 .ARM.attributes
                0x000001e2       0x21 build/startup_stm32f103xb.o
 .ARM.attributes
                0x00000203       0x2d e:/tool/arm-none-eabi-gcc/path/bin/../lib/gcc/arm-none-eabi/5.4.1/../../../../arm-none-eabi/lib/armv7-m\libc_nano.a(lib_a-init.o)
 .ARM.attributes
                0x00000230       0x2d e:/tool/arm-none-eabi-gcc/path/bin/../lib/gcc/arm-none-eabi/5.4.1/../../../../arm-none-eabi/lib/armv7-m\libc_nano.a(lib_a-memset.o)
 .ARM.attributes
                0x0000025d       0x1d e:/tool/arm-none-eabi-gcc/path/bin/../lib/gcc/arm-none-eabi/5.4.1/armv7-m/crtn.o
OUTPUT(build/test.elf elf32-littlearm)

.debug_info     0x00000000     0x3148
 .debug_info    0x00000000      0x534 build/main.o
 .debug_info    0x00000534      0x186 build/stm32f1xx_it.o
 .debug_info    0x000006ba      0x24d build/stm32f1xx_hal_msp.o
 .debug_info    0x00000907      0x7fc build/stm32f1xx_hal.o
 .debug_info    0x00001103      0xa69 build/stm32f1xx_hal_rcc.o
 .debug_info    0x00001b6c      0x65c build/stm32f1xx_hal_gpio.o
 .debug_info    0x000021c8      0xcd9 build/stm32f1xx_hal_cortex.o
 .debug_info    0x00002ea1      0x25d build/system_stm32f1xx.o
 .debug_info    0x000030fe       0x4a build/startup_stm32f103xb.o

.debug_abbrev   0x00000000      0xdec
 .debug_abbrev  0x00000000      0x1d3 build/main.o
 .debug_abbrev  0x000001d3       0xbb build/stm32f1xx_it.o
 .debug_abbrev  0x0000028e       0xd8 build/stm32f1xx_hal_msp.o
 .debug_abbrev  0x00000366      0x1dd build/stm32f1xx_hal.o
 .debug_abbrev  0x00000543      0x28c build/stm32f1xx_hal_rcc.o
 .debug_abbrev  0x000007cf      0x1f9 build/stm32f1xx_hal_gpio.o
 .debug_abbrev  0x000009c8      0x2ee build/stm32f1xx_hal_cortex.o
 .debug_abbrev  0x00000cb6      0x124 build/system_stm32f1xx.o
 .debug_abbrev  0x00000dda       0x12 build/startup_stm32f103xb.o

.debug_loc      0x00000000     0x136d
 .debug_loc     0x00000000       0x91 build/main.o
 .debug_loc     0x00000091       0x20 build/stm32f1xx_it.o
 .debug_loc     0x000000b1       0x2c build/stm32f1xx_hal_msp.o
 .debug_loc     0x000000dd      0x1bb build/stm32f1xx_hal.o
 .debug_loc     0x00000298      0x6b1 build/stm32f1xx_hal_rcc.o
 .debug_loc     0x00000949      0x3a6 build/stm32f1xx_hal_gpio.o
 .debug_loc     0x00000cef      0x59f build/stm32f1xx_hal_cortex.o
 .debug_loc     0x0000128e       0xdf build/system_stm32f1xx.o

.debug_aranges  0x00000000      0x360
 .debug_aranges
                0x00000000       0x38 build/main.o
 .debug_aranges
                0x00000038       0x60 build/stm32f1xx_it.o
 .debug_aranges
                0x00000098       0x20 build/stm32f1xx_hal_msp.o
 .debug_aranges
                0x000000b8       0xe0 build/stm32f1xx_hal.o
 .debug_aranges
                0x00000198       0x90 build/stm32f1xx_hal_rcc.o
 .debug_aranges
                0x00000228       0x58 build/stm32f1xx_hal_gpio.o
 .debug_aranges
                0x00000280       0x90 build/stm32f1xx_hal_cortex.o
 .debug_aranges
                0x00000310       0x28 build/system_stm32f1xx.o
 .debug_aranges
                0x00000338       0x28 build/startup_stm32f103xb.o

.debug_ranges   0x00000000      0x2f0
 .debug_ranges  0x00000000       0x28 build/main.o
 .debug_ranges  0x00000028       0x50 build/stm32f1xx_it.o
 .debug_ranges  0x00000078       0x10 build/stm32f1xx_hal_msp.o
 .debug_ranges  0x00000088       0xd0 build/stm32f1xx_hal.o
 .debug_ranges  0x00000158       0x98 build/stm32f1xx_hal_rcc.o
 .debug_ranges  0x000001f0       0x48 build/stm32f1xx_hal_gpio.o
 .debug_ranges  0x00000238       0x80 build/stm32f1xx_hal_cortex.o
 .debug_ranges  0x000002b8       0x18 build/system_stm32f1xx.o
 .debug_ranges  0x000002d0       0x20 build/startup_stm32f103xb.o

.debug_line     0x00000000     0x15b8
 .debug_line    0x00000000      0x227 build/main.o
 .debug_line    0x00000227      0x1b9 build/stm32f1xx_it.o
 .debug_line    0x000003e0      0x147 build/stm32f1xx_hal_msp.o
 .debug_line    0x00000527      0x395 build/stm32f1xx_hal.o
 .debug_line    0x000008bc      0x4f9 build/stm32f1xx_hal_rcc.o
 .debug_line    0x00000db5      0x30d build/stm32f1xx_hal_gpio.o
 .debug_line    0x000010c2      0x30a build/stm32f1xx_hal_cortex.o
 .debug_line    0x000013cc      0x178 build/system_stm32f1xx.o
 .debug_line    0x00001544       0x74 build/startup_stm32f103xb.o

.debug_str      0x00000000     0x120f
 .debug_str     0x00000000      0x38c build/main.o
                                0x3df (size before relaxing)
 .debug_str     0x0000038c       0xb4 build/stm32f1xx_it.o
                                0x212 (size before relaxing)
 .debug_str     0x00000440       0x57 build/stm32f1xx_hal_msp.o
                                0x20f (size before relaxing)
 .debug_str     0x00000497      0x605 build/stm32f1xx_hal.o
                                0x814 (size before relaxing)
 .debug_str     0x00000a9c      0x217 build/stm32f1xx_hal_rcc.o
                                0x61b (size before relaxing)
 .debug_str     0x00000cb3      0x155 build/stm32f1xx_hal_gpio.o
                                0x3f0 (size before relaxing)
 .debug_str     0x00000e08      0x3b8 build/stm32f1xx_hal_cortex.o
                                0x8b1 (size before relaxing)
 .debug_str     0x000011c0       0x4f build/system_stm32f1xx.o
                                0x244 (size before relaxing)

.comment        0x00000000       0x6e
 .comment       0x00000000       0x6e build/main.o
                                 0x6f (size before relaxing)
 .comment       0x0000006e       0x6f build/stm32f1xx_it.o
 .comment       0x0000006e       0x6f build/stm32f1xx_hal_msp.o
 .comment       0x0000006e       0x6f build/stm32f1xx_hal.o
 .comment       0x0000006e       0x6f build/stm32f1xx_hal_rcc.o
 .comment       0x0000006e       0x6f build/stm32f1xx_hal_gpio.o
 .comment       0x0000006e       0x6f build/stm32f1xx_hal_cortex.o
 .comment       0x0000006e       0x6f build/system_stm32f1xx.o

.debug_frame    0x00000000      0x75c
 .debug_frame   0x00000000       0x74 build/main.o
 .debug_frame   0x00000074       0xac build/stm32f1xx_it.o
 .debug_frame   0x00000120       0x28 build/stm32f1xx_hal_msp.o
 .debug_frame   0x00000148      0x1e0 build/stm32f1xx_hal.o
 .debug_frame   0x00000328      0x1b0 build/stm32f1xx_hal_rcc.o
 .debug_frame   0x000004d8       0xd4 build/stm32f1xx_hal_gpio.o
 .debug_frame   0x000005ac      0x134 build/stm32f1xx_hal_cortex.o
 .debug_frame   0x000006e0       0x30 build/system_stm32f1xx.o
 .debug_frame   0x00000710       0x2c e:/tool/arm-none-eabi-gcc/path/bin/../lib/gcc/arm-none-eabi/5.4.1/../../../../arm-none-eabi/lib/armv7-m\libc_nano.a(lib_a-init.o)
 .debug_frame   0x0000073c       0x20 e:/tool/arm-none-eabi-gcc/path/bin/../lib/gcc/arm-none-eabi/5.4.1/../../../../arm-none-eabi/lib/armv7-m\libc_nano.a(lib_a-memset.o)

Cross Reference Table

Symbol                                            File
ADC1_2_IRQHandler                                 build/startup_stm32f103xb.o
AHBPrescTable                                     build/system_stm32f1xx.o
                                                  build/stm32f1xx_hal_rcc.o
APBPrescTable                                     build/system_stm32f1xx.o
                                                  build/stm32f1xx_hal_rcc.o
BusFault_Handler                                  build/stm32f1xx_it.o
CAN1_RX1_IRQHandler                               build/startup_stm32f103xb.o
CAN1_SCE_IRQHandler                               build/startup_stm32f103xb.o
DMA1_Channel1_IRQHandler                          build/startup_stm32f103xb.o
DMA1_Channel2_IRQHandler                          build/startup_stm32f103xb.o
DMA1_Channel3_IRQHandler                          build/startup_stm32f103xb.o
DMA1_Channel4_IRQHandler                          build/startup_stm32f103xb.o
DMA1_Channel5_IRQHandler                          build/startup_stm32f103xb.o
DMA1_Channel6_IRQHandler                          build/startup_stm32f103xb.o
DMA1_Channel7_IRQHandler                          build/startup_stm32f103xb.o
DebugMon_Handler                                  build/stm32f1xx_it.o
Default_Handler                                   build/startup_stm32f103xb.o
EXTI0_IRQHandler                                  build/startup_stm32f103xb.o
EXTI15_10_IRQHandler                              build/startup_stm32f103xb.o
EXTI1_IRQHandler                                  build/startup_stm32f103xb.o
EXTI2_IRQHandler                                  build/startup_stm32f103xb.o
EXTI3_IRQHandler                                  build/startup_stm32f103xb.o
EXTI4_IRQHandler                                  build/startup_stm32f103xb.o
EXTI9_5_IRQHandler                                build/startup_stm32f103xb.o
Error_Handler                                     build/main.o
FLASH_IRQHandler                                  build/startup_stm32f103xb.o
FLASH_PageErase                                   build/stm32f1xx_hal_flash_ex.o
                                                  build/stm32f1xx_hal_flash.o
FLASH_WaitForLastOperation                        build/stm32f1xx_hal_flash.o
                                                  build/stm32f1xx_hal_flash_ex.o
HAL_DBGMCU_DisableDBGSleepMode                    build/stm32f1xx_hal.o
HAL_DBGMCU_DisableDBGStandbyMode                  build/stm32f1xx_hal.o
HAL_DBGMCU_DisableDBGStopMode                     build/stm32f1xx_hal.o
HAL_DBGMCU_EnableDBGSleepMode                     build/stm32f1xx_hal.o
HAL_DBGMCU_EnableDBGStandbyMode                   build/stm32f1xx_hal.o
HAL_DBGMCU_EnableDBGStopMode                      build/stm32f1xx_hal.o
HAL_DMA_Abort                                     build/stm32f1xx_hal_dma.o
HAL_DMA_Abort_IT                                  build/stm32f1xx_hal_dma.o
HAL_DMA_DeInit                                    build/stm32f1xx_hal_dma.o
HAL_DMA_GetError                                  build/stm32f1xx_hal_dma.o
HAL_DMA_GetState                                  build/stm32f1xx_hal_dma.o
HAL_DMA_IRQHandler                                build/stm32f1xx_hal_dma.o
HAL_DMA_Init                                      build/stm32f1xx_hal_dma.o
HAL_DMA_PollForTransfer                           build/stm32f1xx_hal_dma.o
HAL_DMA_RegisterCallback                          build/stm32f1xx_hal_dma.o
HAL_DMA_Start                                     build/stm32f1xx_hal_dma.o
HAL_DMA_Start_IT                                  build/stm32f1xx_hal_dma.o
HAL_DMA_UnRegisterCallback                        build/stm32f1xx_hal_dma.o
HAL_DeInit                                        build/stm32f1xx_hal.o
HAL_Delay                                         build/stm32f1xx_hal.o
HAL_EXTI_ClearConfigLine                          build/stm32f1xx_hal_exti.o
HAL_EXTI_ClearPending                             build/stm32f1xx_hal_exti.o
HAL_EXTI_GenerateSWI                              build/stm32f1xx_hal_exti.o
HAL_EXTI_GetConfigLine                            build/stm32f1xx_hal_exti.o
HAL_EXTI_GetHandle                                build/stm32f1xx_hal_exti.o
HAL_EXTI_GetPending                               build/stm32f1xx_hal_exti.o
HAL_EXTI_IRQHandler                               build/stm32f1xx_hal_exti.o
HAL_EXTI_RegisterCallback                         build/stm32f1xx_hal_exti.o
HAL_EXTI_SetConfigLine                            build/stm32f1xx_hal_exti.o
HAL_FLASHEx_Erase                                 build/stm32f1xx_hal_flash_ex.o
HAL_FLASHEx_Erase_IT                              build/stm32f1xx_hal_flash_ex.o
HAL_FLASHEx_OBErase                               build/stm32f1xx_hal_flash_ex.o
HAL_FLASHEx_OBGetConfig                           build/stm32f1xx_hal_flash_ex.o
HAL_FLASHEx_OBGetUserData                         build/stm32f1xx_hal_flash_ex.o
HAL_FLASHEx_OBProgram                             build/stm32f1xx_hal_flash_ex.o
HAL_FLASH_EndOfOperationCallback                  build/stm32f1xx_hal_flash.o
HAL_FLASH_GetError                                build/stm32f1xx_hal_flash.o
HAL_FLASH_IRQHandler                              build/stm32f1xx_hal_flash.o
HAL_FLASH_Lock                                    build/stm32f1xx_hal_flash.o
HAL_FLASH_OB_Launch                               build/stm32f1xx_hal_flash.o
HAL_FLASH_OB_Lock                                 build/stm32f1xx_hal_flash.o
HAL_FLASH_OB_Unlock                               build/stm32f1xx_hal_flash.o
HAL_FLASH_OperationErrorCallback                  build/stm32f1xx_hal_flash.o
HAL_FLASH_Program                                 build/stm32f1xx_hal_flash.o
HAL_FLASH_Program_IT                              build/stm32f1xx_hal_flash.o
HAL_FLASH_Unlock                                  build/stm32f1xx_hal_flash.o
HAL_GPIOEx_ConfigEventout                         build/stm32f1xx_hal_gpio_ex.o
HAL_GPIOEx_DisableEventout                        build/stm32f1xx_hal_gpio_ex.o
HAL_GPIOEx_EnableEventout                         build/stm32f1xx_hal_gpio_ex.o
HAL_GPIO_DeInit                                   build/stm32f1xx_hal_gpio.o
HAL_GPIO_EXTI_Callback                            build/stm32f1xx_hal_gpio.o
HAL_GPIO_EXTI_IRQHandler                          build/stm32f1xx_hal_gpio.o
HAL_GPIO_Init                                     build/stm32f1xx_hal_gpio.o
                                                  build/stm32f1xx_hal_rcc.o
                                                  build/main.o
HAL_GPIO_LockPin                                  build/stm32f1xx_hal_gpio.o
HAL_GPIO_ReadPin                                  build/stm32f1xx_hal_gpio.o
HAL_GPIO_TogglePin                                build/stm32f1xx_hal_gpio.o
HAL_GPIO_WritePin                                 build/stm32f1xx_hal_gpio.o
HAL_GetDEVID                                      build/stm32f1xx_hal.o
HAL_GetHalVersion                                 build/stm32f1xx_hal.o
HAL_GetREVID                                      build/stm32f1xx_hal.o
HAL_GetTick                                       build/stm32f1xx_hal.o
                                                  build/stm32f1xx_hal_flash.o
                                                  build/stm32f1xx_hal_dma.o
                                                  build/stm32f1xx_hal_rcc_ex.o
                                                  build/stm32f1xx_hal_rcc.o
HAL_GetTickFreq                                   build/stm32f1xx_hal.o
HAL_GetTickPrio                                   build/stm32f1xx_hal.o
HAL_GetUIDw0                                      build/stm32f1xx_hal.o
HAL_GetUIDw1                                      build/stm32f1xx_hal.o
HAL_GetUIDw2                                      build/stm32f1xx_hal.o
HAL_IncTick                                       build/stm32f1xx_hal.o
                                                  build/stm32f1xx_it.o
HAL_Init                                          build/stm32f1xx_hal.o
                                                  build/main.o
HAL_InitTick                                      build/stm32f1xx_hal.o
                                                  build/stm32f1xx_hal_rcc.o
HAL_MspDeInit                                     build/stm32f1xx_hal.o
HAL_MspInit                                       build/stm32f1xx_hal_msp.o
HAL_NVIC_ClearPendingIRQ                          build/stm32f1xx_hal_cortex.o
HAL_NVIC_DisableIRQ                               build/stm32f1xx_hal_cortex.o
HAL_NVIC_EnableIRQ                                build/stm32f1xx_hal_cortex.o
HAL_NVIC_GetActive                                build/stm32f1xx_hal_cortex.o
HAL_NVIC_GetPendingIRQ                            build/stm32f1xx_hal_cortex.o
HAL_NVIC_GetPriority                              build/stm32f1xx_hal_cortex.o
HAL_NVIC_GetPriorityGrouping                      build/stm32f1xx_hal_cortex.o
HAL_NVIC_SetPendingIRQ                            build/stm32f1xx_hal_cortex.o
HAL_NVIC_SetPriority                              build/stm32f1xx_hal_cortex.o
                                                  build/stm32f1xx_hal.o
HAL_NVIC_SetPriorityGrouping                      build/stm32f1xx_hal_cortex.o
                                                  build/stm32f1xx_hal.o
HAL_NVIC_SystemReset                              build/stm32f1xx_hal_cortex.o
                                                  build/stm32f1xx_hal_flash.o
HAL_PWR_ConfigPVD                                 build/stm32f1xx_hal_pwr.o
HAL_PWR_DeInit                                    build/stm32f1xx_hal_pwr.o
HAL_PWR_DisableBkUpAccess                         build/stm32f1xx_hal_pwr.o
HAL_PWR_DisablePVD                                build/stm32f1xx_hal_pwr.o
HAL_PWR_DisableSEVOnPend                          build/stm32f1xx_hal_pwr.o
HAL_PWR_DisableSleepOnExit                        build/stm32f1xx_hal_pwr.o
HAL_PWR_DisableWakeUpPin                          build/stm32f1xx_hal_pwr.o
HAL_PWR_EnableBkUpAccess                          build/stm32f1xx_hal_pwr.o
HAL_PWR_EnablePVD                                 build/stm32f1xx_hal_pwr.o
HAL_PWR_EnableSEVOnPend                           build/stm32f1xx_hal_pwr.o
HAL_PWR_EnableSleepOnExit                         build/stm32f1xx_hal_pwr.o
HAL_PWR_EnableWakeUpPin                           build/stm32f1xx_hal_pwr.o
HAL_PWR_EnterSLEEPMode                            build/stm32f1xx_hal_pwr.o
HAL_PWR_EnterSTANDBYMode                          build/stm32f1xx_hal_pwr.o
HAL_PWR_EnterSTOPMode                             build/stm32f1xx_hal_pwr.o
HAL_PWR_PVDCallback                               build/stm32f1xx_hal_pwr.o
HAL_PWR_PVD_IRQHandler                            build/stm32f1xx_hal_pwr.o
HAL_RCCEx_GetPeriphCLKConfig                      build/stm32f1xx_hal_rcc_ex.o
HAL_RCCEx_GetPeriphCLKFreq                        build/stm32f1xx_hal_rcc_ex.o
HAL_RCCEx_PeriphCLKConfig                         build/stm32f1xx_hal_rcc_ex.o
HAL_RCC_CSSCallback                               build/stm32f1xx_hal_rcc.o
HAL_RCC_ClockConfig                               build/stm32f1xx_hal_rcc.o
                                                  build/main.o
HAL_RCC_DeInit                                    build/stm32f1xx_hal_rcc.o
HAL_RCC_DisableCSS                                build/stm32f1xx_hal_rcc.o
HAL_RCC_EnableCSS                                 build/stm32f1xx_hal_rcc.o
HAL_RCC_GetClockConfig                            build/stm32f1xx_hal_rcc.o
HAL_RCC_GetHCLKFreq                               build/stm32f1xx_hal_rcc.o
HAL_RCC_GetOscConfig                              build/stm32f1xx_hal_rcc.o
HAL_RCC_GetPCLK1Freq                              build/stm32f1xx_hal_rcc.o
HAL_RCC_GetPCLK2Freq                              build/stm32f1xx_hal_rcc.o
                                                  build/stm32f1xx_hal_rcc_ex.o
HAL_RCC_GetSysClockFreq                           build/stm32f1xx_hal_rcc.o
HAL_RCC_MCOConfig                                 build/stm32f1xx_hal_rcc.o
HAL_RCC_NMI_IRQHandler                            build/stm32f1xx_hal_rcc.o
HAL_RCC_OscConfig                                 build/stm32f1xx_hal_rcc.o
                                                  build/main.o
HAL_ResumeTick                                    build/stm32f1xx_hal.o
HAL_SYSTICK_CLKSourceConfig                       build/stm32f1xx_hal_cortex.o
HAL_SYSTICK_Callback                              build/stm32f1xx_hal_cortex.o
HAL_SYSTICK_Config                                build/stm32f1xx_hal_cortex.o
                                                  build/stm32f1xx_hal.o
HAL_SYSTICK_IRQHandler                            build/stm32f1xx_hal_cortex.o
HAL_SetTickFreq                                   build/stm32f1xx_hal.o
HAL_SuspendTick                                   build/stm32f1xx_hal.o
HardFault_Handler                                 build/stm32f1xx_it.o
I2C1_ER_IRQHandler                                build/startup_stm32f103xb.o
I2C1_EV_IRQHandler                                build/startup_stm32f103xb.o
I2C2_ER_IRQHandler                                build/startup_stm32f103xb.o
I2C2_EV_IRQHandler                                build/startup_stm32f103xb.o
MemManage_Handler                                 build/stm32f1xx_it.o
NMI_Handler                                       build/stm32f1xx_it.o
PVD_IRQHandler                                    build/startup_stm32f103xb.o
PendSV_Handler                                    build/stm32f1xx_it.o
RCC_IRQHandler                                    build/startup_stm32f103xb.o
RTC_Alarm_IRQHandler                              build/startup_stm32f103xb.o
RTC_IRQHandler                                    build/startup_stm32f103xb.o
Reset_Handler                                     build/startup_stm32f103xb.o
SPI1_IRQHandler                                   build/startup_stm32f103xb.o
SPI2_IRQHandler                                   build/startup_stm32f103xb.o
SVC_Handler                                       build/stm32f1xx_it.o
SysTick_Handler                                   build/stm32f1xx_it.o
SystemClock_Config                                build/main.o
SystemCoreClock                                   build/system_stm32f1xx.o
                                                  build/stm32f1xx_hal_rcc.o
                                                  build/stm32f1xx_hal.o
SystemCoreClockUpdate                             build/system_stm32f1xx.o
SystemInit                                        build/system_stm32f1xx.o
                                                  build/startup_stm32f103xb.o
TAMPER_IRQHandler                                 build/startup_stm32f103xb.o
TIM1_BRK_IRQHandler                               build/startup_stm32f103xb.o
TIM1_CC_IRQHandler                                build/startup_stm32f103xb.o
TIM1_TRG_COM_IRQHandler                           build/startup_stm32f103xb.o
TIM1_UP_IRQHandler                                build/startup_stm32f103xb.o
TIM2_IRQHandler                                   build/startup_stm32f103xb.o
TIM3_IRQHandler                                   build/startup_stm32f103xb.o
TIM4_IRQHandler                                   build/startup_stm32f103xb.o
USART1_IRQHandler                                 build/startup_stm32f103xb.o
USART2_IRQHandler                                 build/startup_stm32f103xb.o
USART3_IRQHandler                                 build/startup_stm32f103xb.o
USBWakeUp_IRQHandler                              build/startup_stm32f103xb.o
USB_HP_CAN1_TX_IRQHandler                         build/startup_stm32f103xb.o
USB_LP_CAN1_RX0_IRQHandler                        build/startup_stm32f103xb.o
UsageFault_Handler                                build/stm32f1xx_it.o
WWDG_IRQHandler                                   build/startup_stm32f103xb.o
_Jv_RegisterClasses                               e:/tool/arm-none-eabi-gcc/path/bin/../lib/gcc/arm-none-eabi/5.4.1/armv7-m/crtbegin.o
_Min_Stack_Size                                   build/sysmem.o
__bss_end__                                       e:/tool/arm-none-eabi-gcc/path/bin/../lib/gcc/arm-none-eabi/5.4.1/../../../../arm-none-eabi/lib/armv7-m/crt0.o
__bss_start__                                     e:/tool/arm-none-eabi-gcc/path/bin/../lib/gcc/arm-none-eabi/5.4.1/../../../../arm-none-eabi/lib/armv7-m/crt0.o
__call_exitprocs                                  e:/tool/arm-none-eabi-gcc/path/bin/../lib/gcc/arm-none-eabi/5.4.1/../../../../arm-none-eabi/lib/armv7-m\libc_nano.a(lib_a-exit.o)
__deregister_frame_info                           e:/tool/arm-none-eabi-gcc/path/bin/../lib/gcc/arm-none-eabi/5.4.1/armv7-m/crtbegin.o
__dso_handle                                      e:/tool/arm-none-eabi-gcc/path/bin/../lib/gcc/arm-none-eabi/5.4.1/armv7-m/crtbegin.o
__env                                             build/syscalls.o
__errno                                           e:/tool/arm-none-eabi-gcc/path/bin/../lib/gcc/arm-none-eabi/5.4.1/../../../../arm-none-eabi/lib/armv7-m\libc_nano.a(lib_a-errno.o)
                                                  build/syscalls.o
                                                  build/sysmem.o
__init_array_end                                  e:/tool/arm-none-eabi-gcc/path/bin/../lib/gcc/arm-none-eabi/5.4.1/../../../../arm-none-eabi/lib/armv7-m\libc_nano.a(lib_a-init.o)
__init_array_start                                e:/tool/arm-none-eabi-gcc/path/bin/../lib/gcc/arm-none-eabi/5.4.1/../../../../arm-none-eabi/lib/armv7-m\libc_nano.a(lib_a-init.o)
__io_getchar                                      build/syscalls.o
__io_putchar                                      build/syscalls.o
__libc_fini_array                                 e:/tool/arm-none-eabi-gcc/path/bin/../lib/gcc/arm-none-eabi/5.4.1/../../../../arm-none-eabi/lib/armv7-m/crt0.o
__libc_init_array                                 e:/tool/arm-none-eabi-gcc/path/bin/../lib/gcc/arm-none-eabi/5.4.1/../../../../arm-none-eabi/lib/armv7-m\libc_nano.a(lib_a-init.o)
                                                  build/startup_stm32f103xb.o
                                                  e:/tool/arm-none-eabi-gcc/path/bin/../lib/gcc/arm-none-eabi/5.4.1/../../../../arm-none-eabi/lib/armv7-m/crt0.o
__preinit_array_end                               e:/tool/arm-none-eabi-gcc/path/bin/../lib/gcc/arm-none-eabi/5.4.1/../../../../arm-none-eabi/lib/armv7-m\libc_nano.a(lib_a-init.o)
__preinit_array_start                             e:/tool/arm-none-eabi-gcc/path/bin/../lib/gcc/arm-none-eabi/5.4.1/../../../../arm-none-eabi/lib/armv7-m\libc_nano.a(lib_a-init.o)
__register_frame_info                             e:/tool/arm-none-eabi-gcc/path/bin/../lib/gcc/arm-none-eabi/5.4.1/armv7-m/crtbegin.o
__sf_fake_stderr                                  e:/tool/arm-none-eabi-gcc/path/bin/../lib/gcc/arm-none-eabi/5.4.1/../../../../arm-none-eabi/lib/armv7-m\libc_nano.a(lib_a-impure.o)
__sf_fake_stdin                                   e:/tool/arm-none-eabi-gcc/path/bin/../lib/gcc/arm-none-eabi/5.4.1/../../../../arm-none-eabi/lib/armv7-m\libc_nano.a(lib_a-impure.o)
__sf_fake_stdout                                  e:/tool/arm-none-eabi-gcc/path/bin/../lib/gcc/arm-none-eabi/5.4.1/../../../../arm-none-eabi/lib/armv7-m\libc_nano.a(lib_a-impure.o)
__stack                                           e:/tool/arm-none-eabi-gcc/path/bin/../lib/gcc/arm-none-eabi/5.4.1/../../../../arm-none-eabi/lib/armv7-m/crt0.o
_close                                            build/syscalls.o
_ebss                                             build/startup_stm32f103xb.o
_edata                                            build/startup_stm32f103xb.o
_end                                              build/sysmem.o
_estack                                           build/startup_stm32f103xb.o
                                                  build/sysmem.o
_execve                                           build/syscalls.o
_exit                                             build/syscalls.o
                                                  e:/tool/arm-none-eabi-gcc/path/bin/../lib/gcc/arm-none-eabi/5.4.1/../../../../arm-none-eabi/lib/armv7-m\libc_nano.a(lib_a-exit.o)
_fini                                             e:/tool/arm-none-eabi-gcc/path/bin/../lib/gcc/arm-none-eabi/5.4.1/armv7-m/crti.o
_fork                                             build/syscalls.o
_fstat                                            build/syscalls.o
_getpid                                           build/syscalls.o
_global_impure_ptr                                e:/tool/arm-none-eabi-gcc/path/bin/../lib/gcc/arm-none-eabi/5.4.1/../../../../arm-none-eabi/lib/armv7-m\libc_nano.a(lib_a-impure.o)
                                                  e:/tool/arm-none-eabi-gcc/path/bin/../lib/gcc/arm-none-eabi/5.4.1/../../../../arm-none-eabi/lib/armv7-m\libc_nano.a(lib_a-exit.o)
_impure_ptr                                       e:/tool/arm-none-eabi-gcc/path/bin/../lib/gcc/arm-none-eabi/5.4.1/../../../../arm-none-eabi/lib/armv7-m\libc_nano.a(lib_a-impure.o)
                                                  e:/tool/arm-none-eabi-gcc/path/bin/../lib/gcc/arm-none-eabi/5.4.1/../../../../arm-none-eabi/lib/armv7-m\libc_nano.a(lib_a-errno.o)
_init                                             e:/tool/arm-none-eabi-gcc/path/bin/../lib/gcc/arm-none-eabi/5.4.1/armv7-m/crti.o
                                                  e:/tool/arm-none-eabi-gcc/path/bin/../lib/gcc/arm-none-eabi/5.4.1/../../../../arm-none-eabi/lib/armv7-m\libc_nano.a(lib_a-init.o)
_isatty                                           build/syscalls.o
_kill                                             build/syscalls.o
_link                                             build/syscalls.o
_lseek                                            build/syscalls.o
_mainCRTStartup                                   e:/tool/arm-none-eabi-gcc/path/bin/../lib/gcc/arm-none-eabi/5.4.1/../../../../arm-none-eabi/lib/armv7-m/crt0.o
_open                                             build/syscalls.o
_read                                             build/syscalls.o
_sbrk                                             build/sysmem.o
_sbss                                             build/startup_stm32f103xb.o
_sdata                                            build/startup_stm32f103xb.o
_sidata                                           build/startup_stm32f103xb.o
_start                                            e:/tool/arm-none-eabi-gcc/path/bin/../lib/gcc/arm-none-eabi/5.4.1/../../../../arm-none-eabi/lib/armv7-m/crt0.o
_stat                                             build/syscalls.o
_times                                            build/syscalls.o
_unlink                                           build/syscalls.o
_wait                                             build/syscalls.o
_write                                            build/syscalls.o
atexit                                            e:/tool/arm-none-eabi-gcc/path/bin/../lib/gcc/arm-none-eabi/5.4.1/../../../../arm-none-eabi/lib/armv7-m/crt0.o
environ                                           build/syscalls.o
exit                                              e:/tool/arm-none-eabi-gcc/path/bin/../lib/gcc/arm-none-eabi/5.4.1/../../../../arm-none-eabi/lib/armv7-m\libc_nano.a(lib_a-exit.o)
                                                  e:/tool/arm-none-eabi-gcc/path/bin/../lib/gcc/arm-none-eabi/5.4.1/../../../../arm-none-eabi/lib/armv7-m/crt0.o
g_pfnVectors                                      build/startup_stm32f103xb.o
hardware_init_hook                                e:/tool/arm-none-eabi-gcc/path/bin/../lib/gcc/arm-none-eabi/5.4.1/../../../../arm-none-eabi/lib/armv7-m/crt0.o
initialise_monitor_handles                        build/syscalls.o
main                                              build/main.o
                                                  build/startup_stm32f103xb.o
                                                  e:/tool/arm-none-eabi-gcc/path/bin/../lib/gcc/arm-none-eabi/5.4.1/../../../../arm-none-eabi/lib/armv7-m/crt0.o
memset                                            e:/tool/arm-none-eabi-gcc/path/bin/../lib/gcc/arm-none-eabi/5.4.1/../../../../arm-none-eabi/lib/armv7-m\libc_nano.a(lib_a-memset.o)
                                                  build/main.o
                                                  e:/tool/arm-none-eabi-gcc/path/bin/../lib/gcc/arm-none-eabi/5.4.1/../../../../arm-none-eabi/lib/armv7-m/crt0.o
pFlash                                            build/stm32f1xx_hal_flash.o
                                                  build/stm32f1xx_hal_flash_ex.o
software_init_hook                                e:/tool/arm-none-eabi-gcc/path/bin/../lib/gcc/arm-none-eabi/5.4.1/../../../../arm-none-eabi/lib/armv7-m/crt0.o
uwTick                                            build/stm32f1xx_hal.o
uwTickFreq                                        build/stm32f1xx_hal.o
uwTickPrio                                        build/stm32f1xx_hal.o
                                                  build/stm32f1xx_hal_rcc.o
